// Vitest Snapshot v1, https://vitest.dev/guide/snapshot.html

exports[`book rule regression fixtures > discovers and snapshots fixtures only when explicitly requested 1`] = `
[
  {
    "asOfIso": "2026-08-30T00:00:00.000Z",
    "chart": {
      "birthTimeAccuracyMinutes": 5,
      "date": "2016-05-15",
      "focus": "general",
      "language": "en",
      "latitude": 17.385,
      "longitude": 78.4867,
      "methodology": "parashari",
      "name": "Fixture 2016-05-15 06:15",
      "place": "Hyderabad",
      "time": "06:15",
      "timezone": "Asia/Kolkata",
      "timezoneOffset": 5.5,
    },
    "expectedExceptionIds": [
      "benefic-influence-qualifies",
    ],
    "expectedMatch": true,
    "id": "sc-bhava-1-lord-in-trik-worked-1",
    "kind": "worked-example",
    "ruleId": "sc-bhava-1-lord-in-trik",
    "sourceLocator": "book-bhasin-sarvarth-chintamani:L1228:verses-4-6",
  },
  {
    "asOfIso": "2026-08-30T00:00:00.000Z",
    "chart": {
      "birthTimeAccuracyMinutes": 5,
      "date": "2016-02-15",
      "focus": "general",
      "language": "en",
      "latitude": 17.385,
      "longitude": 78.4867,
      "methodology": "parashari",
      "name": "Fixture 2016-02-15 00:15",
      "place": "Hyderabad",
      "time": "00:15",
      "timezone": "Asia/Kolkata",
      "timezoneOffset": 5.5,
    },
    "expectedExceptionIds": [],
    "expectedMatch": false,
    "id": "sc-bhava-1-lord-in-trik-counter-1",
    "kind": "counterexample",
    "ruleId": "sc-bhava-1-lord-in-trik",
    "sourceLocator": "book-bhasin-sarvarth-chintamani:L1228:verses-4-6",
  },
  {
    "asOfIso": "2026-08-30T00:00:00.000Z",
    "chart": {
      "birthTimeAccuracyMinutes": 5,
      "date": "1994-02-15",
      "focus": "general",
      "language": "en",
      "latitude": 17.385,
      "longitude": 78.4867,
      "methodology": "parashari",
      "name": "Fixture 1994-02-15 02:15",
      "place": "Hyderabad",
      "time": "02:15",
      "timezone": "Asia/Kolkata",
      "timezoneOffset": 5.5,
    },
    "expectedExceptionIds": [],
    "expectedMatch": true,
    "id": "sc-bhava-2-lord-in-trik-worked-1",
    "kind": "worked-example",
    "ruleId": "sc-bhava-2-lord-in-trik",
    "sourceLocator": "book-bhasin-sarvarth-chintamani:L1228:verses-4-6",
  },
  {
    "asOfIso": "2026-08-30T00:00:00.000Z",
    "chart": {
      "birthTimeAccuracyMinutes": 5,
      "date": "2016-02-15",
      "focus": "general",
      "language": "en",
      "latitude": 17.385,
      "longitude": 78.4867,
      "methodology": "parashari",
      "name": "Fixture 2016-02-15 00:15",
      "place": "Hyderabad",
      "time": "00:15",
      "timezone": "Asia/Kolkata",
      "timezoneOffset": 5.5,
    },
    "expectedExceptionIds": [],
    "expectedMatch": false,
    "id": "sc-bhava-2-lord-in-trik-counter-1",
    "kind": "counterexample",
    "ruleId": "sc-bhava-2-lord-in-trik",
    "sourceLocator": "book-bhasin-sarvarth-chintamani:L1228:verses-4-6",
  },
  {
    "asOfIso": "2026-08-30T00:00:00.000Z",
    "chart": {
      "birthTimeAccuracyMinutes": 5,
      "date": "2016-05-15",
      "focus": "general",
      "language": "en",
      "latitude": 17.385,
      "longitude": 78.4867,
      "methodology": "parashari",
      "name": "Fixture 2016-05-15 00:15",
      "place": "Hyderabad",
      "time": "00:15",
      "timezone": "Asia/Kolkata",
      "timezoneOffset": 5.5,
    },
    "expectedExceptionIds": [
      "benefic-influence-qualifies",
    ],
    "expectedMatch": true,
    "id": "sc-bhava-3-lord-in-trik-worked-1",
    "kind": "worked-example",
    "ruleId": "sc-bhava-3-lord-in-trik",
    "sourceLocator": "book-bhasin-sarvarth-chintamani:L1228:verses-4-6",
  },
  {
    "asOfIso": "2026-08-30T00:00:00.000Z",
    "chart": {
      "birthTimeAccuracyMinutes": 5,
      "date": "2016-02-15",
      "focus": "general",
      "language": "en",
      "latitude": 17.385,
      "longitude": 78.4867,
      "methodology": "parashari",
      "name": "Fixture 2016-02-15 00:15",
      "place": "Hyderabad",
      "time": "00:15",
      "timezone": "Asia/Kolkata",
      "timezoneOffset": 5.5,
    },
    "expectedExceptionIds": [],
    "expectedMatch": false,
    "id": "sc-bhava-3-lord-in-trik-counter-1",
    "kind": "counterexample",
    "ruleId": "sc-bhava-3-lord-in-trik",
    "sourceLocator": "book-bhasin-sarvarth-chintamani:L1228:verses-4-6",
  },
  {
    "asOfIso": "2026-08-30T00:00:00.000Z",
    "chart": {
      "birthTimeAccuracyMinutes": 5,
      "date": "1988-04-15",
      "focus": "general",
      "language": "en",
      "latitude": 17.385,
      "longitude": 78.4867,
      "methodology": "parashari",
      "name": "Fixture 1988-04-15 08:15",
      "place": "Hyderabad",
      "time": "08:15",
      "timezone": "Asia/Kolkata",
      "timezoneOffset": 5.5,
    },
    "expectedExceptionIds": [
      "benefic-influence-qualifies",
    ],
    "expectedMatch": true,
    "id": "sc-bhava-4-lord-in-trik-worked-1",
    "kind": "worked-example",
    "ruleId": "sc-bhava-4-lord-in-trik",
    "sourceLocator": "book-bhasin-sarvarth-chintamani:L1228:verses-4-6",
  },
  {
    "asOfIso": "2026-08-30T00:00:00.000Z",
    "chart": {
      "birthTimeAccuracyMinutes": 5,
      "date": "2016-02-15",
      "focus": "general",
      "language": "en",
      "latitude": 17.385,
      "longitude": 78.4867,
      "methodology": "parashari",
      "name": "Fixture 2016-02-15 00:15",
      "place": "Hyderabad",
      "time": "00:15",
      "timezone": "Asia/Kolkata",
      "timezoneOffset": 5.5,
    },
    "expectedExceptionIds": [],
    "expectedMatch": false,
    "id": "sc-bhava-4-lord-in-trik-counter-1",
    "kind": "counterexample",
    "ruleId": "sc-bhava-4-lord-in-trik",
    "sourceLocator": "book-bhasin-sarvarth-chintamani:L1228:verses-4-6",
  },
  {
    "asOfIso": "2026-08-30T00:00:00.000Z",
    "chart": {
      "birthTimeAccuracyMinutes": 5,
      "date": "1994-02-15",
      "focus": "general",
      "language": "en",
      "latitude": 17.385,
      "longitude": 78.4867,
      "methodology": "parashari",
      "name": "Fixture 1994-02-15 02:15",
      "place": "Hyderabad",
      "time": "02:15",
      "timezone": "Asia/Kolkata",
      "timezoneOffset": 5.5,
    },
    "expectedExceptionIds": [],
    "expectedMatch": true,
    "id": "sc-bhava-5-lord-in-trik-worked-1",
    "kind": "worked-example",
    "ruleId": "sc-bhava-5-lord-in-trik",
    "sourceLocator": "book-bhasin-sarvarth-chintamani:L1228:verses-4-6",
  },
  {
    "asOfIso": "2026-08-30T00:00:00.000Z",
    "chart": {
      "birthTimeAccuracyMinutes": 5,
      "date": "2016-02-15",
      "focus": "general",
      "language": "en",
      "latitude": 17.385,
      "longitude": 78.4867,
      "methodology": "parashari",
      "name": "Fixture 2016-02-15 00:15",
      "place": "Hyderabad",
      "time": "00:15",
      "timezone": "Asia/Kolkata",
      "timezoneOffset": 5.5,
    },
    "expectedExceptionIds": [],
    "expectedMatch": false,
    "id": "sc-bhava-5-lord-in-trik-counter-1",
    "kind": "counterexample",
    "ruleId": "sc-bhava-5-lord-in-trik",
    "sourceLocator": "book-bhasin-sarvarth-chintamani:L1228:verses-4-6",
  },
  {
    "asOfIso": "2026-08-30T00:00:00.000Z",
    "chart": {
      "birthTimeAccuracyMinutes": 5,
      "date": "2016-05-15",
      "focus": "general",
      "language": "en",
      "latitude": 17.385,
      "longitude": 78.4867,
      "methodology": "parashari",
      "name": "Fixture 2016-05-15 06:15",
      "place": "Hyderabad",
      "time": "06:15",
      "timezone": "Asia/Kolkata",
      "timezoneOffset": 5.5,
    },
    "expectedExceptionIds": [
      "benefic-influence-qualifies",
    ],
    "expectedMatch": true,
    "id": "sc-bhava-6-lord-in-trik-worked-1",
    "kind": "worked-example",
    "ruleId": "sc-bhava-6-lord-in-trik",
    "sourceLocator": "book-bhasin-sarvarth-chintamani:L1228:verses-4-6",
  },
  {
    "asOfIso": "2026-08-30T00:00:00.000Z",
    "chart": {
      "birthTimeAccuracyMinutes": 5,
      "date": "2016-02-15",
      "focus": "general",
      "language": "en",
      "latitude": 17.385,
      "longitude": 78.4867,
      "methodology": "parashari",
      "name": "Fixture 2016-02-15 00:15",
      "place": "Hyderabad",
      "time": "00:15",
      "timezone": "Asia/Kolkata",
      "timezoneOffset": 5.5,
    },
    "expectedExceptionIds": [],
    "expectedMatch": false,
    "id": "sc-bhava-6-lord-in-trik-counter-1",
    "kind": "counterexample",
    "ruleId": "sc-bhava-6-lord-in-trik",
    "sourceLocator": "book-bhasin-sarvarth-chintamani:L1228:verses-4-6",
  },
  {
    "asOfIso": "2026-08-30T00:00:00.000Z",
    "chart": {
      "birthTimeAccuracyMinutes": 5,
      "date": "2016-05-15",
      "focus": "general",
      "language": "en",
      "latitude": 17.385,
      "longitude": 78.4867,
      "methodology": "parashari",
      "name": "Fixture 2016-05-15 00:15",
      "place": "Hyderabad",
      "time": "00:15",
      "timezone": "Asia/Kolkata",
      "timezoneOffset": 5.5,
    },
    "expectedExceptionIds": [
      "benefic-influence-qualifies",
    ],
    "expectedMatch": true,
    "id": "sc-bhava-7-lord-in-trik-worked-1",
    "kind": "worked-example",
    "ruleId": "sc-bhava-7-lord-in-trik",
    "sourceLocator": "book-bhasin-sarvarth-chintamani:L1228:verses-4-6",
  },
  {
    "asOfIso": "2026-08-30T00:00:00.000Z",
    "chart": {
      "birthTimeAccuracyMinutes": 5,
      "date": "2016-02-15",
      "focus": "general",
      "language": "en",
      "latitude": 17.385,
      "longitude": 78.4867,
      "methodology": "parashari",
      "name": "Fixture 2016-02-15 00:15",
      "place": "Hyderabad",
      "time": "00:15",
      "timezone": "Asia/Kolkata",
      "timezoneOffset": 5.5,
    },
    "expectedExceptionIds": [],
    "expectedMatch": false,
    "id": "sc-bhava-7-lord-in-trik-counter-1",
    "kind": "counterexample",
    "ruleId": "sc-bhava-7-lord-in-trik",
    "sourceLocator": "book-bhasin-sarvarth-chintamani:L1228:verses-4-6",
  },
  {
    "asOfIso": "2026-08-30T00:00:00.000Z",
    "chart": {
      "birthTimeAccuracyMinutes": 5,
      "date": "1988-04-15",
      "focus": "general",
      "language": "en",
      "latitude": 17.385,
      "longitude": 78.4867,
      "methodology": "parashari",
      "name": "Fixture 1988-04-15 08:15",
      "place": "Hyderabad",
      "time": "08:15",
      "timezone": "Asia/Kolkata",
      "timezoneOffset": 5.5,
    },
    "expectedExceptionIds": [],
    "expectedMatch": true,
    "id": "sc-bhava-8-lord-in-trik-worked-1",
    "kind": "worked-example",
    "ruleId": "sc-bhava-8-lord-in-trik",
    "sourceLocator": "book-bhasin-sarvarth-chintamani:L1228:verses-4-6",
  },
  {
    "asOfIso": "2026-08-30T00:00:00.000Z",
    "chart": {
      "birthTimeAccuracyMinutes": 5,
      "date": "2016-02-15",
      "focus": "general",
      "language": "en",
      "latitude": 17.385,
      "longitude": 78.4867,
      "methodology": "parashari",
      "name": "Fixture 2016-02-15 00:15",
      "place": "Hyderabad",
      "time": "00:15",
      "timezone": "Asia/Kolkata",
      "timezoneOffset": 5.5,
    },
    "expectedExceptionIds": [],
    "expectedMatch": false,
    "id": "sc-bhava-8-lord-in-trik-counter-1",
    "kind": "counterexample",
    "ruleId": "sc-bhava-8-lord-in-trik",
    "sourceLocator": "book-bhasin-sarvarth-chintamani:L1228:verses-4-6",
  },
  {
    "asOfIso": "2026-08-30T00:00:00.000Z",
    "chart": {
      "birthTimeAccuracyMinutes": 5,
      "date": "1988-04-15",
      "focus": "general",
      "language": "en",
      "latitude": 17.385,
      "longitude": 78.4867,
      "methodology": "parashari",
      "name": "Fixture 1988-04-15 08:15",
      "place": "Hyderabad",
      "time": "08:15",
      "timezone": "Asia/Kolkata",
      "timezoneOffset": 5.5,
    },
    "expectedExceptionIds": [
      "benefic-influence-qualifies",
    ],
    "expectedMatch": true,
    "id": "sc-bhava-9-lord-in-trik-worked-1",
    "kind": "worked-example",
    "ruleId": "sc-bhava-9-lord-in-trik",
    "sourceLocator": "book-bhasin-sarvarth-chintamani:L1228:verses-4-6",
  },
  {
    "asOfIso": "2026-08-30T00:00:00.000Z",
    "chart": {
      "birthTimeAccuracyMinutes": 5,
      "date": "2016-02-15",
      "focus": "general",
      "language": "en",
      "latitude": 17.385,
      "longitude": 78.4867,
      "methodology": "parashari",
      "name": "Fixture 2016-02-15 00:15",
      "place": "Hyderabad",
      "time": "00:15",
      "timezone": "Asia/Kolkata",
      "timezoneOffset": 5.5,
    },
    "expectedExceptionIds": [],
    "expectedMatch": false,
    "id": "sc-bhava-9-lord-in-trik-counter-1",
    "kind": "counterexample",
    "ruleId": "sc-bhava-9-lord-in-trik",
    "sourceLocator": "book-bhasin-sarvarth-chintamani:L1228:verses-4-6",
  },
  {
    "asOfIso": "2026-08-30T00:00:00.000Z",
    "chart": {
      "birthTimeAccuracyMinutes": 5,
      "date": "1988-04-15",
      "focus": "general",
      "language": "en",
      "latitude": 17.385,
      "longitude": 78.4867,
      "methodology": "parashari",
      "name": "Fixture 1988-04-15 08:15",
      "place": "Hyderabad",
      "time": "08:15",
      "timezone": "Asia/Kolkata",
      "timezoneOffset": 5.5,
    },
    "expectedExceptionIds": [
      "benefic-influence-qualifies",
    ],
    "expectedMatch": true,
    "id": "sc-bhava-10-lord-in-trik-worked-1",
    "kind": "worked-example",
    "ruleId": "sc-bhava-10-lord-in-trik",
    "sourceLocator": "book-bhasin-sarvarth-chintamani:L1228:verses-4-6",
  },
  {
    "asOfIso": "2026-08-30T00:00:00.000Z",
    "chart": {
      "birthTimeAccuracyMinutes": 5,
      "date": "2016-02-15",
      "focus": "general",
      "language": "en",
      "latitude": 17.385,
      "longitude": 78.4867,
      "methodology": "parashari",
      "name": "Fixture 2016-02-15 00:15",
      "place": "Hyderabad",
      "time": "00:15",
      "timezone": "Asia/Kolkata",
      "timezoneOffset": 5.5,
    },
    "expectedExceptionIds": [],
    "expectedMatch": false,
    "id": "sc-bhava-10-lord-in-trik-counter-1",
    "kind": "counterexample",
    "ruleId": "sc-bhava-10-lord-in-trik",
    "sourceLocator": "book-bhasin-sarvarth-chintamani:L1228:verses-4-6",
  },
  {
    "asOfIso": "2026-08-30T00:00:00.000Z",
    "chart": {
      "birthTimeAccuracyMinutes": 5,
      "date": "1988-04-15",
      "focus": "general",
      "language": "en",
      "latitude": 17.385,
      "longitude": 78.4867,
      "methodology": "parashari",
      "name": "Fixture 1988-04-15 08:15",
      "place": "Hyderabad",
      "time": "08:15",
      "timezone": "Asia/Kolkata",
      "timezoneOffset": 5.5,
    },
    "expectedExceptionIds": [],
    "expectedMatch": true,
    "id": "sc-bhava-11-lord-in-trik-worked-1",
    "kind": "worked-example",
    "ruleId": "sc-bhava-11-lord-in-trik",
    "sourceLocator": "book-bhasin-sarvarth-chintamani:L1228:verses-4-6",
  },
  {
    "asOfIso": "2026-08-30T00:00:00.000Z",
    "chart": {
      "birthTimeAccuracyMinutes": 5,
      "date": "2016-02-15",
      "focus": "general",
      "language": "en",
      "latitude": 17.385,
      "longitude": 78.4867,
      "methodology": "parashari",
      "name": "Fixture 2016-02-15 00:15",
      "place": "Hyderabad",
      "time": "00:15",
      "timezone": "Asia/Kolkata",
      "timezoneOffset": 5.5,
    },
    "expectedExceptionIds": [],
    "expectedMatch": false,
    "id": "sc-bhava-11-lord-in-trik-counter-1",
    "kind": "counterexample",
    "ruleId": "sc-bhava-11-lord-in-trik",
    "sourceLocator": "book-bhasin-sarvarth-chintamani:L1228:verses-4-6",
  },
  {
    "asOfIso": "2026-08-30T00:00:00.000Z",
    "chart": {
      "birthTimeAccuracyMinutes": 5,
      "date": "2016-05-15",
      "focus": "general",
      "language": "en",
      "latitude": 17.385,
      "longitude": 78.4867,
      "methodology": "parashari",
      "name": "Fixture 2016-05-15 00:15",
      "place": "Hyderabad",
      "time": "00:15",
      "timezone": "Asia/Kolkata",
      "timezoneOffset": 5.5,
    },
    "expectedExceptionIds": [
      "benefic-influence-qualifies",
    ],
    "expectedMatch": true,
    "id": "sc-bhava-12-lord-in-trik-worked-1",
    "kind": "worked-example",
    "ruleId": "sc-bhava-12-lord-in-trik",
    "sourceLocator": "book-bhasin-sarvarth-chintamani:L1228:verses-4-6",
  },
  {
    "asOfIso": "2026-08-30T00:00:00.000Z",
    "chart": {
      "birthTimeAccuracyMinutes": 5,
      "date": "2016-02-15",
      "focus": "general",
      "language": "en",
      "latitude": 17.385,
      "longitude": 78.4867,
      "methodology": "parashari",
      "name": "Fixture 2016-02-15 00:15",
      "place": "Hyderabad",
      "time": "00:15",
      "timezone": "Asia/Kolkata",
      "timezoneOffset": 5.5,
    },
    "expectedExceptionIds": [],
    "expectedMatch": false,
    "id": "sc-bhava-12-lord-in-trik-counter-1",
    "kind": "counterexample",
    "ruleId": "sc-bhava-12-lord-in-trik",
    "sourceLocator": "book-bhasin-sarvarth-chintamani:L1228:verses-4-6",
  },
  {
    "asOfIso": "2026-08-30T00:00:00.000Z",
    "chart": {
      "birthTimeAccuracyMinutes": 5,
      "date": "1994-02-15",
      "focus": "general",
      "language": "en",
      "latitude": 17.385,
      "longitude": 78.4867,
      "methodology": "parashari",
      "name": "Fixture 1994-02-15 02:15",
      "place": "Hyderabad",
      "time": "02:15",
      "timezone": "Asia/Kolkata",
      "timezoneOffset": 5.5,
    },
    "expectedExceptionIds": [],
    "expectedMatch": true,
    "id": "sc-bhava-1-lord-combust-worked-1",
    "kind": "worked-example",
    "ruleId": "sc-bhava-1-lord-combust",
    "sourceLocator": "book-bhasin-sarvarth-chintamani:L1228:verses-4-6",
  },
  {
    "asOfIso": "2026-08-30T00:00:00.000Z",
    "chart": {
      "birthTimeAccuracyMinutes": 5,
      "date": "2016-02-15",
      "focus": "general",
      "language": "en",
      "latitude": 17.385,
      "longitude": 78.4867,
      "methodology": "parashari",
      "name": "Fixture 2016-02-15 00:15",
      "place": "Hyderabad",
      "time": "00:15",
      "timezone": "Asia/Kolkata",
      "timezoneOffset": 5.5,
    },
    "expectedExceptionIds": [],
    "expectedMatch": false,
    "id": "sc-bhava-1-lord-combust-counter-1",
    "kind": "counterexample",
    "ruleId": "sc-bhava-1-lord-combust",
    "sourceLocator": "book-bhasin-sarvarth-chintamani:L1228:verses-4-6",
  },
  {
    "asOfIso": "2026-08-30T00:00:00.000Z",
    "chart": {
      "birthTimeAccuracyMinutes": 5,
      "date": "1988-04-15",
      "focus": "general",
      "language": "en",
      "latitude": 17.385,
      "longitude": 78.4867,
      "methodology": "parashari",
      "name": "Fixture 1988-04-15 08:15",
      "place": "Hyderabad",
      "time": "08:15",
      "timezone": "Asia/Kolkata",
      "timezoneOffset": 5.5,
    },
    "expectedExceptionIds": [],
    "expectedMatch": true,
    "id": "sc-bhava-2-lord-combust-worked-1",
    "kind": "worked-example",
    "ruleId": "sc-bhava-2-lord-combust",
    "sourceLocator": "book-bhasin-sarvarth-chintamani:L1228:verses-4-6",
  },
  {
    "asOfIso": "2026-08-30T00:00:00.000Z",
    "chart": {
      "birthTimeAccuracyMinutes": 5,
      "date": "2016-02-15",
      "focus": "general",
      "language": "en",
      "latitude": 17.385,
      "longitude": 78.4867,
      "methodology": "parashari",
      "name": "Fixture 2016-02-15 00:15",
      "place": "Hyderabad",
      "time": "00:15",
      "timezone": "Asia/Kolkata",
      "timezoneOffset": 5.5,
    },
    "expectedExceptionIds": [],
    "expectedMatch": false,
    "id": "sc-bhava-2-lord-combust-counter-1",
    "kind": "counterexample",
    "ruleId": "sc-bhava-2-lord-combust",
    "sourceLocator": "book-bhasin-sarvarth-chintamani:L1228:verses-4-6",
  },
  {
    "asOfIso": "2026-08-30T00:00:00.000Z",
    "chart": {
      "birthTimeAccuracyMinutes": 5,
      "date": "1994-02-15",
      "focus": "general",
      "language": "en",
      "latitude": 17.385,
      "longitude": 78.4867,
      "methodology": "parashari",
      "name": "Fixture 1994-02-15 02:15",
      "place": "Hyderabad",
      "time": "02:15",
      "timezone": "Asia/Kolkata",
      "timezoneOffset": 5.5,
    },
    "expectedExceptionIds": [],
    "expectedMatch": true,
    "id": "sc-bhava-3-lord-combust-worked-1",
    "kind": "worked-example",
    "ruleId": "sc-bhava-3-lord-combust",
    "sourceLocator": "book-bhasin-sarvarth-chintamani:L1228:verses-4-6",
  },
  {
    "asOfIso": "2026-08-30T00:00:00.000Z",
    "chart": {
      "birthTimeAccuracyMinutes": 5,
      "date": "2016-02-15",
      "focus": "general",
      "language": "en",
      "latitude": 17.385,
      "longitude": 78.4867,
      "methodology": "parashari",
      "name": "Fixture 2016-02-15 00:15",
      "place": "Hyderabad",
      "time": "00:15",
      "timezone": "Asia/Kolkata",
      "timezoneOffset": 5.5,
    },
    "expectedExceptionIds": [],
    "expectedMatch": false,
    "id": "sc-bhava-3-lord-combust-counter-1",
    "kind": "counterexample",
    "ruleId": "sc-bhava-3-lord-combust",
    "sourceLocator": "book-bhasin-sarvarth-chintamani:L1228:verses-4-6",
  },
  {
    "asOfIso": "2026-08-30T00:00:00.000Z",
    "chart": {
      "birthTimeAccuracyMinutes": 5,
      "date": "1994-02-15",
      "focus": "general",
      "language": "en",
      "latitude": 17.385,
      "longitude": 78.4867,
      "methodology": "parashari",
      "name": "Fixture 1994-02-15 02:15",
      "place": "Hyderabad",
      "time": "02:15",
      "timezone": "Asia/Kolkata",
      "timezoneOffset": 5.5,
    },
    "expectedExceptionIds": [],
    "expectedMatch": true,
    "id": "sc-bhava-4-lord-combust-worked-1",
    "kind": "worked-example",
    "ruleId": "sc-bhava-4-lord-combust",
    "sourceLocator": "book-bhasin-sarvarth-chintamani:L1228:verses-4-6",
  },
  {
    "asOfIso": "2026-08-30T00:00:00.000Z",
    "chart": {
      "birthTimeAccuracyMinutes": 5,
      "date": "2016-02-15",
      "focus": "general",
      "language": "en",
      "latitude": 17.385,
      "longitude": 78.4867,
      "methodology": "parashari",
      "name": "Fixture 2016-02-15 00:15",
      "place": "Hyderabad",
      "time": "00:15",
      "timezone": "Asia/Kolkata",
      "timezoneOffset": 5.5,
    },
    "expectedExceptionIds": [],
    "expectedMatch": false,
    "id": "sc-bhava-4-lord-combust-counter-1",
    "kind": "counterexample",
    "ruleId": "sc-bhava-4-lord-combust",
    "sourceLocator": "book-bhasin-sarvarth-chintamani:L1228:verses-4-6",
  },
  {
    "asOfIso": "2026-08-30T00:00:00.000Z",
    "chart": {
      "birthTimeAccuracyMinutes": 5,
      "date": "1988-04-15",
      "focus": "general",
      "language": "en",
      "latitude": 17.385,
      "longitude": 78.4867,
      "methodology": "parashari",
      "name": "Fixture 1988-04-15 08:15",
      "place": "Hyderabad",
      "time": "08:15",
      "timezone": "Asia/Kolkata",
      "timezoneOffset": 5.5,
    },
    "expectedExceptionIds": [],
    "expectedMatch": true,
    "id": "sc-bhava-5-lord-combust-worked-1",
    "kind": "worked-example",
    "ruleId": "sc-bhava-5-lord-combust",
    "sourceLocator": "book-bhasin-sarvarth-chintamani:L1228:verses-4-6",
  },
  {
    "asOfIso": "2026-08-30T00:00:00.000Z",
    "chart": {
      "birthTimeAccuracyMinutes": 5,
      "date": "2016-02-15",
      "focus": "general",
      "language": "en",
      "latitude": 17.385,
      "longitude": 78.4867,
      "methodology": "parashari",
      "name": "Fixture 2016-02-15 00:15",
      "place": "Hyderabad",
      "time": "00:15",
      "timezone": "Asia/Kolkata",
      "timezoneOffset": 5.5,
    },
    "expectedExceptionIds": [],
    "expectedMatch": false,
    "id": "sc-bhava-5-lord-combust-counter-1",
    "kind": "counterexample",
    "ruleId": "sc-bhava-5-lord-combust",
    "sourceLocator": "book-bhasin-sarvarth-chintamani:L1228:verses-4-6",
  },
  {
    "asOfIso": "2026-08-30T00:00:00.000Z",
    "chart": {
      "birthTimeAccuracyMinutes": 5,
      "date": "1994-02-15",
      "focus": "general",
      "language": "en",
      "latitude": 17.385,
      "longitude": 78.4867,
      "methodology": "parashari",
      "name": "Fixture 1994-02-15 02:15",
      "place": "Hyderabad",
      "time": "02:15",
      "timezone": "Asia/Kolkata",
      "timezoneOffset": 5.5,
    },
    "expectedExceptionIds": [],
    "expectedMatch": true,
    "id": "sc-bhava-6-lord-combust-worked-1",
    "kind": "worked-example",
    "ruleId": "sc-bhava-6-lord-combust",
    "sourceLocator": "book-bhasin-sarvarth-chintamani:L1228:verses-4-6",
  },
  {
    "asOfIso": "2026-08-30T00:00:00.000Z",
    "chart": {
      "birthTimeAccuracyMinutes": 5,
      "date": "2016-02-15",
      "focus": "general",
      "language": "en",
      "latitude": 17.385,
      "longitude": 78.4867,
      "methodology": "parashari",
      "name": "Fixture 2016-02-15 00:15",
      "place": "Hyderabad",
      "time": "00:15",
      "timezone": "Asia/Kolkata",
      "timezoneOffset": 5.5,
    },
    "expectedExceptionIds": [],
    "expectedMatch": false,
    "id": "sc-bhava-6-lord-combust-counter-1",
    "kind": "counterexample",
    "ruleId": "sc-bhava-6-lord-combust",
    "sourceLocator": "book-bhasin-sarvarth-chintamani:L1228:verses-4-6",
  },
  {
    "asOfIso": "2026-08-30T00:00:00.000Z",
    "chart": {
      "birthTimeAccuracyMinutes": 5,
      "date": "1994-02-15",
      "focus": "general",
      "language": "en",
      "latitude": 17.385,
      "longitude": 78.4867,
      "methodology": "parashari",
      "name": "Fixture 1994-02-15 02:15",
      "place": "Hyderabad",
      "time": "02:15",
      "timezone": "Asia/Kolkata",
      "timezoneOffset": 5.5,
    },
    "expectedExceptionIds": [],
    "expectedMatch": true,
    "id": "sc-bhava-7-lord-combust-worked-1",
    "kind": "worked-example",
    "ruleId": "sc-bhava-7-lord-combust",
    "sourceLocator": "book-bhasin-sarvarth-chintamani:L1228:verses-4-6",
  },
  {
    "asOfIso": "2026-08-30T00:00:00.000Z",
    "chart": {
      "birthTimeAccuracyMinutes": 5,
      "date": "2016-02-15",
      "focus": "general",
      "language": "en",
      "latitude": 17.385,
      "longitude": 78.4867,
      "methodology": "parashari",
      "name": "Fixture 2016-02-15 00:15",
      "place": "Hyderabad",
      "time": "00:15",
      "timezone": "Asia/Kolkata",
      "timezoneOffset": 5.5,
    },
    "expectedExceptionIds": [],
    "expectedMatch": false,
    "id": "sc-bhava-7-lord-combust-counter-1",
    "kind": "counterexample",
    "ruleId": "sc-bhava-7-lord-combust",
    "sourceLocator": "book-bhasin-sarvarth-chintamani:L1228:verses-4-6",
  },
  {
    "asOfIso": "2026-08-30T00:00:00.000Z",
    "chart": {
      "birthTimeAccuracyMinutes": 5,
      "date": "1994-02-15",
      "focus": "general",
      "language": "en",
      "latitude": 17.385,
      "longitude": 78.4867,
      "methodology": "parashari",
      "name": "Fixture 1994-02-15 02:15",
      "place": "Hyderabad",
      "time": "02:15",
      "timezone": "Asia/Kolkata",
      "timezoneOffset": 5.5,
    },
    "expectedExceptionIds": [],
    "expectedMatch": true,
    "id": "sc-bhava-8-lord-combust-worked-1",
    "kind": "worked-example",
    "ruleId": "sc-bhava-8-lord-combust",
    "sourceLocator": "book-bhasin-sarvarth-chintamani:L1228:verses-4-6",
  },
  {
    "asOfIso": "2026-08-30T00:00:00.000Z",
    "chart": {
      "birthTimeAccuracyMinutes": 5,
      "date": "2016-02-15",
      "focus": "general",
      "language": "en",
      "latitude": 17.385,
      "longitude": 78.4867,
      "methodology": "parashari",
      "name": "Fixture 2016-02-15 00:15",
      "place": "Hyderabad",
      "time": "00:15",
      "timezone": "Asia/Kolkata",
      "timezoneOffset": 5.5,
    },
    "expectedExceptionIds": [],
    "expectedMatch": false,
    "id": "sc-bhava-8-lord-combust-counter-1",
    "kind": "counterexample",
    "ruleId": "sc-bhava-8-lord-combust",
    "sourceLocator": "book-bhasin-sarvarth-chintamani:L1228:verses-4-6",
  },
  {
    "asOfIso": "2026-08-30T00:00:00.000Z",
    "chart": {
      "birthTimeAccuracyMinutes": 5,
      "date": "2016-05-15",
      "focus": "general",
      "language": "en",
      "latitude": 17.385,
      "longitude": 78.4867,
      "methodology": "parashari",
      "name": "Fixture 2016-05-15 00:15",
      "place": "Hyderabad",
      "time": "00:15",
      "timezone": "Asia/Kolkata",
      "timezoneOffset": 5.5,
    },
    "expectedExceptionIds": [],
    "expectedMatch": true,
    "id": "sc-bhava-9-lord-combust-worked-1",
    "kind": "worked-example",
    "ruleId": "sc-bhava-9-lord-combust",
    "sourceLocator": "book-bhasin-sarvarth-chintamani:L1228:verses-4-6",
  },
  {
    "asOfIso": "2026-08-30T00:00:00.000Z",
    "chart": {
      "birthTimeAccuracyMinutes": 5,
      "date": "2016-02-15",
      "focus": "general",
      "language": "en",
      "latitude": 17.385,
      "longitude": 78.4867,
      "methodology": "parashari",
      "name": "Fixture 2016-02-15 00:15",
      "place": "Hyderabad",
      "time": "00:15",
      "timezone": "Asia/Kolkata",
      "timezoneOffset": 5.5,
    },
    "expectedExceptionIds": [],
    "expectedMatch": false,
    "id": "sc-bhava-9-lord-combust-counter-1",
    "kind": "counterexample",
    "ruleId": "sc-bhava-9-lord-combust",
    "sourceLocator": "book-bhasin-sarvarth-chintamani:L1228:verses-4-6",
  },
  {
    "asOfIso": "2026-08-30T00:00:00.000Z",
    "chart": {
      "birthTimeAccuracyMinutes": 5,
      "date": "2016-05-15",
      "focus": "general",
      "language": "en",
      "latitude": 17.385,
      "longitude": 78.4867,
      "methodology": "parashari",
      "name": "Fixture 2016-05-15 00:15",
      "place": "Hyderabad",
      "time": "00:15",
      "timezone": "Asia/Kolkata",
      "timezoneOffset": 5.5,
    },
    "expectedExceptionIds": [],
    "expectedMatch": true,
    "id": "sc-bhava-10-lord-combust-worked-1",
    "kind": "worked-example",
    "ruleId": "sc-bhava-10-lord-combust",
    "sourceLocator": "book-bhasin-sarvarth-chintamani:L1228:verses-4-6",
  },
  {
    "asOfIso": "2026-08-30T00:00:00.000Z",
    "chart": {
      "birthTimeAccuracyMinutes": 5,
      "date": "2016-02-15",
      "focus": "general",
      "language": "en",
      "latitude": 17.385,
      "longitude": 78.4867,
      "methodology": "parashari",
      "name": "Fixture 2016-02-15 00:15",
      "place": "Hyderabad",
      "time": "00:15",
      "timezone": "Asia/Kolkata",
      "timezoneOffset": 5.5,
    },
    "expectedExceptionIds": [],
    "expectedMatch": false,
    "id": "sc-bhava-10-lord-combust-counter-1",
    "kind": "counterexample",
    "ruleId": "sc-bhava-10-lord-combust",
    "sourceLocator": "book-bhasin-sarvarth-chintamani:L1228:verses-4-6",
  },
  {
    "asOfIso": "2026-08-30T00:00:00.000Z",
    "chart": {
      "birthTimeAccuracyMinutes": 5,
      "date": "1994-02-15",
      "focus": "general",
      "language": "en",
      "latitude": 17.385,
      "longitude": 78.4867,
      "methodology": "parashari",
      "name": "Fixture 1994-02-15 02:15",
      "place": "Hyderabad",
      "time": "02:15",
      "timezone": "Asia/Kolkata",
      "timezoneOffset": 5.5,
    },
    "expectedExceptionIds": [],
    "expectedMatch": true,
    "id": "sc-bhava-11-lord-combust-worked-1",
    "kind": "worked-example",
    "ruleId": "sc-bhava-11-lord-combust",
    "sourceLocator": "book-bhasin-sarvarth-chintamani:L1228:verses-4-6",
  },
  {
    "asOfIso": "2026-08-30T00:00:00.000Z",
    "chart": {
      "birthTimeAccuracyMinutes": 5,
      "date": "2016-02-15",
      "focus": "general",
      "language": "en",
      "latitude": 17.385,
      "longitude": 78.4867,
      "methodology": "parashari",
      "name": "Fixture 2016-02-15 00:15",
      "place": "Hyderabad",
      "time": "00:15",
      "timezone": "Asia/Kolkata",
      "timezoneOffset": 5.5,
    },
    "expectedExceptionIds": [],
    "expectedMatch": false,
    "id": "sc-bhava-11-lord-combust-counter-1",
    "kind": "counterexample",
    "ruleId": "sc-bhava-11-lord-combust",
    "sourceLocator": "book-bhasin-sarvarth-chintamani:L1228:verses-4-6",
  },
  {
    "asOfIso": "2026-08-30T00:00:00.000Z",
    "chart": {
      "birthTimeAccuracyMinutes": 5,
      "date": "1994-02-15",
      "focus": "general",
      "language": "en",
      "latitude": 17.385,
      "longitude": 78.4867,
      "methodology": "parashari",
      "name": "Fixture 1994-02-15 02:15",
      "place": "Hyderabad",
      "time": "02:15",
      "timezone": "Asia/Kolkata",
      "timezoneOffset": 5.5,
    },
    "expectedExceptionIds": [],
    "expectedMatch": true,
    "id": "sc-bhava-12-lord-combust-worked-1",
    "kind": "worked-example",
    "ruleId": "sc-bhava-12-lord-combust",
    "sourceLocator": "book-bhasin-sarvarth-chintamani:L1228:verses-4-6",
  },
  {
    "asOfIso": "2026-08-30T00:00:00.000Z",
    "chart": {
      "birthTimeAccuracyMinutes": 5,
      "date": "2016-02-15",
      "focus": "general",
      "language": "en",
      "latitude": 17.385,
      "longitude": 78.4867,
      "methodology": "parashari",
      "name": "Fixture 2016-02-15 00:15",
      "place": "Hyderabad",
      "time": "00:15",
      "timezone": "Asia/Kolkata",
      "timezoneOffset": 5.5,
    },
    "expectedExceptionIds": [],
    "expectedMatch": false,
    "id": "sc-bhava-12-lord-combust-counter-1",
    "kind": "counterexample",
    "ruleId": "sc-bhava-12-lord-combust",
    "sourceLocator": "book-bhasin-sarvarth-chintamani:L1228:verses-4-6",
  },
  {
    "asOfIso": "2026-08-30T00:00:00.000Z",
    "chart": {
      "birthTimeAccuracyMinutes": 5,
      "date": "2016-02-15",
      "focus": "general",
      "language": "en",
      "latitude": 17.385,
      "longitude": 78.4867,
      "methodology": "parashari",
      "name": "Fixture 2016-02-15 00:15",
      "place": "Hyderabad",
      "time": "00:15",
      "timezone": "Asia/Kolkata",
      "timezoneOffset": 5.5,
    },
    "expectedExceptionIds": [],
    "expectedMatch": true,
    "id": "jf-yoga-karaka-kendra-trikona-association-worked-1",
    "kind": "worked-example",
    "ruleId": "jf-yoga-karaka-kendra-trikona-association",
    "sourceLocator": "book-larsen-fundamentals:L4265:section-3.4.2",
  },
  {
    "asOfIso": "2026-08-30T00:00:00.000Z",
    "chart": {
      "birthTimeAccuracyMinutes": 5,
      "date": "1994-02-15",
      "focus": "general",
      "language": "en",
      "latitude": 17.385,
      "longitude": 78.4867,
      "methodology": "parashari",
      "name": "Fixture 1994-02-15 02:15",
      "place": "Hyderabad",
      "time": "02:15",
      "timezone": "Asia/Kolkata",
      "timezoneOffset": 5.5,
    },
    "expectedExceptionIds": [],
    "expectedMatch": false,
    "id": "jf-yoga-karaka-kendra-trikona-association-counter-1",
    "kind": "counterexample",
    "ruleId": "jf-yoga-karaka-kendra-trikona-association",
    "sourceLocator": "book-larsen-fundamentals:L4265:section-3.4.2",
  },
  {
    "asOfIso": "2026-08-30T00:00:00.000Z",
    "chart": {
      "birthTimeAccuracyMinutes": 5,
      "date": "2016-05-15",
      "focus": "general",
      "language": "en",
      "latitude": 17.385,
      "longitude": 78.4867,
      "methodology": "parashari",
      "name": "Fixture 2016-05-15 06:15",
      "place": "Hyderabad",
      "time": "06:15",
      "timezone": "Asia/Kolkata",
      "timezoneOffset": 5.5,
    },
    "expectedExceptionIds": [],
    "expectedMatch": true,
    "id": "jf-ruchaka-d9-condition-worked-1",
    "kind": "worked-example",
    "ruleId": "jf-ruchaka-d9-condition",
    "sourceLocator": "book-larsen-fundamentals:L4170-L4264:charts-48-and-50",
  },
  {
    "asOfIso": "2026-08-30T00:00:00.000Z",
    "chart": {
      "birthTimeAccuracyMinutes": 5,
      "date": "2016-02-15",
      "focus": "general",
      "language": "en",
      "latitude": 17.385,
      "longitude": 78.4867,
      "methodology": "parashari",
      "name": "Fixture 2016-02-15 00:15",
      "place": "Hyderabad",
      "time": "00:15",
      "timezone": "Asia/Kolkata",
      "timezoneOffset": 5.5,
    },
    "expectedExceptionIds": [],
    "expectedMatch": false,
    "id": "jf-ruchaka-d9-condition-counter-1",
    "kind": "counterexample",
    "ruleId": "jf-ruchaka-d9-condition",
    "sourceLocator": "book-larsen-fundamentals:L4170-L4264:charts-48-and-50",
  },
  {
    "asOfIso": "2026-08-30T00:00:00.000Z",
    "chart": {
      "birthTimeAccuracyMinutes": 5,
      "date": "1988-07-15",
      "focus": "general",
      "language": "en",
      "latitude": 17.385,
      "longitude": 78.4867,
      "methodology": "parashari",
      "name": "Fixture 1988-07-15 04:15",
      "place": "Hyderabad",
      "time": "04:15",
      "timezone": "Asia/Kolkata",
      "timezoneOffset": 5.5,
    },
    "expectedExceptionIds": [],
    "expectedMatch": true,
    "id": "jf-bhadra-d9-condition-worked-1",
    "kind": "worked-example",
    "ruleId": "jf-bhadra-d9-condition",
    "sourceLocator": "book-larsen-fundamentals:L4170-L4264:charts-48-and-50",
  },
  {
    "asOfIso": "2026-08-30T00:00:00.000Z",
    "chart": {
      "birthTimeAccuracyMinutes": 5,
      "date": "2016-02-15",
      "focus": "general",
      "language": "en",
      "latitude": 17.385,
      "longitude": 78.4867,
      "methodology": "parashari",
      "name": "Fixture 2016-02-15 00:15",
      "place": "Hyderabad",
      "time": "00:15",
      "timezone": "Asia/Kolkata",
      "timezoneOffset": 5.5,
    },
    "expectedExceptionIds": [],
    "expectedMatch": false,
    "id": "jf-bhadra-d9-condition-counter-1",
    "kind": "counterexample",
    "ruleId": "jf-bhadra-d9-condition",
    "sourceLocator": "book-larsen-fundamentals:L4170-L4264:charts-48-and-50",
  },
  {
    "asOfIso": "2026-08-30T00:00:00.000Z",
    "chart": {
      "birthTimeAccuracyMinutes": 5,
      "date": "1988-01-15",
      "focus": "general",
      "language": "en",
      "latitude": 17.385,
      "longitude": 78.4867,
      "methodology": "parashari",
      "name": "Fixture 1988-01-15 00:15",
      "place": "Hyderabad",
      "time": "00:15",
      "timezone": "Asia/Kolkata",
      "timezoneOffset": 5.5,
    },
    "expectedExceptionIds": [],
    "expectedMatch": true,
    "id": "jf-hamsa-d9-condition-worked-1",
    "kind": "worked-example",
    "ruleId": "jf-hamsa-d9-condition",
    "sourceLocator": "book-larsen-fundamentals:L4170-L4264:charts-48-and-50",
  },
  {
    "asOfIso": "2026-08-30T00:00:00.000Z",
    "chart": {
      "birthTimeAccuracyMinutes": 5,
      "date": "2016-02-15",
      "focus": "general",
      "language": "en",
      "latitude": 17.385,
      "longitude": 78.4867,
      "methodology": "parashari",
      "name": "Fixture 2016-02-15 00:15",
      "place": "Hyderabad",
      "time": "00:15",
      "timezone": "Asia/Kolkata",
      "timezoneOffset": 5.5,
    },
    "expectedExceptionIds": [],
    "expectedMatch": false,
    "id": "jf-hamsa-d9-condition-counter-1",
    "kind": "counterexample",
    "ruleId": "jf-hamsa-d9-condition",
    "sourceLocator": "book-larsen-fundamentals:L4170-L4264:charts-48-and-50",
  },
  {
    "asOfIso": "2026-08-30T00:00:00.000Z",
    "chart": {
      "birthTimeAccuracyMinutes": 5,
      "date": "1988-04-15",
      "focus": "general",
      "language": "en",
      "latitude": 17.385,
      "longitude": 78.4867,
      "methodology": "parashari",
      "name": "Fixture 1988-04-15 08:15",
      "place": "Hyderabad",
      "time": "08:15",
      "timezone": "Asia/Kolkata",
      "timezoneOffset": 5.5,
    },
    "expectedExceptionIds": [],
    "expectedMatch": true,
    "id": "jf-malavya-d9-condition-worked-1",
    "kind": "worked-example",
    "ruleId": "jf-malavya-d9-condition",
    "sourceLocator": "book-larsen-fundamentals:L4170-L4264:charts-48-and-50",
  },
  {
    "asOfIso": "2026-08-30T00:00:00.000Z",
    "chart": {
      "birthTimeAccuracyMinutes": 5,
      "date": "2016-02-15",
      "focus": "general",
      "language": "en",
      "latitude": 17.385,
      "longitude": 78.4867,
      "methodology": "parashari",
      "name": "Fixture 2016-02-15 00:15",
      "place": "Hyderabad",
      "time": "00:15",
      "timezone": "Asia/Kolkata",
      "timezoneOffset": 5.5,
    },
    "expectedExceptionIds": [],
    "expectedMatch": false,
    "id": "jf-malavya-d9-condition-counter-1",
    "kind": "counterexample",
    "ruleId": "jf-malavya-d9-condition",
    "sourceLocator": "book-larsen-fundamentals:L4170-L4264:charts-48-and-50",
  },
  {
    "asOfIso": "2026-08-30T00:00:00.000Z",
    "chart": {
      "birthTimeAccuracyMinutes": 5,
      "date": "1994-02-15",
      "focus": "general",
      "language": "en",
      "latitude": 17.385,
      "longitude": 78.4867,
      "methodology": "parashari",
      "name": "Fixture 1994-02-15 02:15",
      "place": "Hyderabad",
      "time": "02:15",
      "timezone": "Asia/Kolkata",
      "timezoneOffset": 5.5,
    },
    "expectedExceptionIds": [],
    "expectedMatch": true,
    "id": "jf-shasha-d9-condition-worked-1",
    "kind": "worked-example",
    "ruleId": "jf-shasha-d9-condition",
    "sourceLocator": "book-larsen-fundamentals:L4170-L4264:charts-48-and-50",
  },
  {
    "asOfIso": "2026-08-30T00:00:00.000Z",
    "chart": {
      "birthTimeAccuracyMinutes": 5,
      "date": "2016-02-15",
      "focus": "general",
      "language": "en",
      "latitude": 17.385,
      "longitude": 78.4867,
      "methodology": "parashari",
      "name": "Fixture 2016-02-15 00:15",
      "place": "Hyderabad",
      "time": "00:15",
      "timezone": "Asia/Kolkata",
      "timezoneOffset": 5.5,
    },
    "expectedExceptionIds": [],
    "expectedMatch": false,
    "id": "jf-shasha-d9-condition-counter-1",
    "kind": "counterexample",
    "ruleId": "jf-shasha-d9-condition",
    "sourceLocator": "book-larsen-fundamentals:L4170-L4264:charts-48-and-50",
  },
  {
    "asOfIso": "2026-08-30T00:00:00.000Z",
    "chart": {
      "birthTimeAccuracyMinutes": 5,
      "date": "2016-02-15",
      "focus": "general",
      "language": "en",
      "latitude": 17.385,
      "longitude": 78.4867,
      "methodology": "parashari",
      "name": "Fixture 2016-02-15 00:15",
      "place": "Hyderabad",
      "time": "00:15",
      "timezone": "Asia/Kolkata",
      "timezoneOffset": 5.5,
    },
    "expectedExceptionIds": [],
    "expectedMatch": true,
    "id": "sc-jupiter-node-malefic-influence-qualified-worked-1",
    "kind": "worked-example",
    "ruleId": "sc-jupiter-node-malefic-influence-qualified",
    "sourceLocator": "book-bhasin-sarvarth-chintamani:L6434:verses-1-2",
  },
  {
    "asOfIso": "2026-08-30T00:00:00.000Z",
    "chart": {
      "birthTimeAccuracyMinutes": 5,
      "date": "1994-02-15",
      "focus": "general",
      "language": "en",
      "latitude": 17.385,
      "longitude": 78.4867,
      "methodology": "parashari",
      "name": "Fixture 1994-02-15 02:15",
      "place": "Hyderabad",
      "time": "02:15",
      "timezone": "Asia/Kolkata",
      "timezoneOffset": 5.5,
    },
    "expectedExceptionIds": [],
    "expectedMatch": false,
    "id": "sc-jupiter-node-malefic-influence-qualified-counter-1",
    "kind": "counterexample",
    "ruleId": "sc-jupiter-node-malefic-influence-qualified",
    "sourceLocator": "book-bhasin-sarvarth-chintamani:L6434:verses-1-2",
  },
  {
    "asOfIso": "2026-08-30T00:00:00.000Z",
    "chart": {
      "birthTimeAccuracyMinutes": 5,
      "date": "2016-02-15",
      "focus": "general",
      "language": "en",
      "latitude": 17.385,
      "longitude": 78.4867,
      "methodology": "parashari",
      "name": "Fixture 2016-02-15 00:15",
      "place": "Hyderabad",
      "time": "00:15",
      "timezone": "Asia/Kolkata",
      "timezoneOffset": 5.5,
    },
    "expectedExceptionIds": [],
    "expectedMatch": true,
    "id": "jf-balaadi-mrita-publication-boundary-worked-1",
    "kind": "worked-example",
    "ruleId": "jf-balaadi-mrita-publication-boundary",
    "sourceLocator": "book-larsen-fundamentals:L5020:section-5.2.2",
  },
  {
    "asOfIso": "2026-08-30T00:00:00.000Z",
    "chart": {
      "birthTimeAccuracyMinutes": 5,
      "date": "1994-02-15",
      "focus": "general",
      "language": "en",
      "latitude": 17.385,
      "longitude": 78.4867,
      "methodology": "parashari",
      "name": "Fixture 1994-02-15 02:15",
      "place": "Hyderabad",
      "time": "02:15",
      "timezone": "Asia/Kolkata",
      "timezoneOffset": 5.5,
    },
    "expectedExceptionIds": [],
    "expectedMatch": false,
    "id": "jf-balaadi-mrita-publication-boundary-counter-1",
    "kind": "counterexample",
    "ruleId": "jf-balaadi-mrita-publication-boundary",
    "sourceLocator": "book-larsen-fundamentals:L5020:section-5.2.2",
  },
  {
    "asOfIso": "2026-08-30T00:00:00.000Z",
    "chart": {
      "birthTimeAccuracyMinutes": 5,
      "date": "1994-02-15",
      "focus": "general",
      "language": "en",
      "latitude": 17.385,
      "longitude": 78.4867,
      "methodology": "parashari",
      "name": "Fixture 1994-02-15 02:15",
      "place": "Hyderabad",
      "time": "02:15",
      "timezone": "Asia/Kolkata",
      "timezoneOffset": 5.5,
    },
    "expectedExceptionIds": [],
    "expectedMatch": true,
    "id": "jf-diptadi-kopa-context-worked-1",
    "kind": "worked-example",
    "ruleId": "jf-diptadi-kopa-context",
    "sourceLocator": "book-larsen-fundamentals:L5002:section-5.2.1",
  },
  {
    "asOfIso": "2026-08-30T00:00:00.000Z",
    "chart": {
      "birthTimeAccuracyMinutes": 5,
      "date": "2016-02-15",
      "focus": "general",
      "language": "en",
      "latitude": 17.385,
      "longitude": 78.4867,
      "methodology": "parashari",
      "name": "Fixture 2016-02-15 00:15",
      "place": "Hyderabad",
      "time": "00:15",
      "timezone": "Asia/Kolkata",
      "timezoneOffset": 5.5,
    },
    "expectedExceptionIds": [],
    "expectedMatch": false,
    "id": "jf-diptadi-kopa-context-counter-1",
    "kind": "counterexample",
    "ruleId": "jf-diptadi-kopa-context",
    "sourceLocator": "book-larsen-fundamentals:L5002:section-5.2.1",
  },
  {
    "asOfIso": "2026-08-30T00:00:00.000Z",
    "chart": {
      "birthTimeAccuracyMinutes": 5,
      "date": "1994-02-15",
      "focus": "general",
      "language": "en",
      "latitude": 17.385,
      "longitude": 78.4867,
      "methodology": "parashari",
      "name": "Fixture 1994-02-15 02:15",
      "place": "Hyderabad",
      "time": "02:15",
      "timezone": "Asia/Kolkata",
      "timezoneOffset": 5.5,
    },
    "expectedExceptionIds": [],
    "expectedMatch": true,
    "id": "jf-lajjitadi-kshudhita-context-worked-1",
    "kind": "worked-example",
    "ruleId": "jf-lajjitadi-kshudhita-context",
    "sourceLocator": "book-larsen-fundamentals:L5062:section-5.2.3",
  },
  {
    "asOfIso": "2026-08-30T00:00:00.000Z",
    "chart": {
      "birthTimeAccuracyMinutes": 5,
      "date": "2016-02-15",
      "focus": "general",
      "language": "en",
      "latitude": 17.385,
      "longitude": 78.4867,
      "methodology": "parashari",
      "name": "Fixture 2016-02-15 00:15",
      "place": "Hyderabad",
      "time": "00:15",
      "timezone": "Asia/Kolkata",
      "timezoneOffset": 5.5,
    },
    "expectedExceptionIds": [],
    "expectedMatch": false,
    "id": "jf-lajjitadi-kshudhita-context-counter-1",
    "kind": "counterexample",
    "ruleId": "jf-lajjitadi-kshudhita-context",
    "sourceLocator": "book-larsen-fundamentals:L5062:section-5.2.3",
  },
  {
    "asOfIso": "2026-08-30T00:00:00.000Z",
    "chart": {
      "birthTimeAccuracyMinutes": 5,
      "date": "2016-02-15",
      "focus": "general",
      "language": "en",
      "latitude": 17.385,
      "longitude": 78.4867,
      "methodology": "parashari",
      "name": "Fixture 2016-02-15 00:15",
      "place": "Hyderabad",
      "time": "00:15",
      "timezone": "Asia/Kolkata",
      "timezoneOffset": 5.5,
    },
    "expectedExceptionIds": [],
    "expectedMatch": true,
    "id": "sc-sixth-ninth-lord-sambandha-worked-1",
    "kind": "worked-example",
    "ruleId": "sc-sixth-ninth-lord-sambandha",
    "sourceLocator": "book-bhasin-sarvarth-chintamani:L5541-L5571:verses-34-and-38-39",
  },
  {
    "asOfIso": "2026-08-30T00:00:00.000Z",
    "chart": {
      "birthTimeAccuracyMinutes": 5,
      "date": "1994-02-15",
      "focus": "general",
      "language": "en",
      "latitude": 17.385,
      "longitude": 78.4867,
      "methodology": "parashari",
      "name": "Fixture 1994-02-15 02:15",
      "place": "Hyderabad",
      "time": "02:15",
      "timezone": "Asia/Kolkata",
      "timezoneOffset": 5.5,
    },
    "expectedExceptionIds": [],
    "expectedMatch": false,
    "id": "sc-sixth-ninth-lord-sambandha-counter-1",
    "kind": "counterexample",
    "ruleId": "sc-sixth-ninth-lord-sambandha",
    "sourceLocator": "book-bhasin-sarvarth-chintamani:L5541-L5571:verses-34-and-38-39",
  },
  {
    "asOfIso": "2026-08-30T00:00:00.000Z",
    "chart": {
      "birthTimeAccuracyMinutes": 5,
      "date": "2016-05-15",
      "focus": "general",
      "language": "en",
      "latitude": 17.385,
      "longitude": 78.4867,
      "methodology": "parashari",
      "name": "Fixture 2016-05-15 00:15",
      "place": "Hyderabad",
      "time": "00:15",
      "timezone": "Asia/Kolkata",
      "timezoneOffset": 5.5,
    },
    "expectedExceptionIds": [],
    "expectedMatch": true,
    "id": "sc-ninth-eleventh-lord-sambandha-worked-1",
    "kind": "worked-example",
    "ruleId": "sc-ninth-eleventh-lord-sambandha",
    "sourceLocator": "book-bhasin-sarvarth-chintamani:L5541-L5571:verses-34-and-38-39",
  },
  {
    "asOfIso": "2026-08-30T00:00:00.000Z",
    "chart": {
      "birthTimeAccuracyMinutes": 5,
      "date": "2016-02-15",
      "focus": "general",
      "language": "en",
      "latitude": 17.385,
      "longitude": 78.4867,
      "methodology": "parashari",
      "name": "Fixture 2016-02-15 00:15",
      "place": "Hyderabad",
      "time": "00:15",
      "timezone": "Asia/Kolkata",
      "timezoneOffset": 5.5,
    },
    "expectedExceptionIds": [],
    "expectedMatch": false,
    "id": "sc-ninth-eleventh-lord-sambandha-counter-1",
    "kind": "counterexample",
    "ruleId": "sc-ninth-eleventh-lord-sambandha",
    "sourceLocator": "book-bhasin-sarvarth-chintamani:L5541-L5571:verses-34-and-38-39",
  },
  {
    "asOfIso": "2026-08-30T00:00:00.000Z",
    "chart": {
      "birthTimeAccuracyMinutes": 5,
      "date": "2016-02-15",
      "focus": "general",
      "language": "en",
      "latitude": 17.385,
      "longitude": 78.4867,
      "methodology": "parashari",
      "name": "Fixture 2016-02-15 04:15",
      "place": "Hyderabad",
      "time": "04:15",
      "timezone": "Asia/Kolkata",
      "timezoneOffset": 5.5,
    },
    "expectedExceptionIds": [],
    "expectedMatch": true,
    "id": "jf-fully-obstructed-argala-context-worked-1",
    "kind": "worked-example",
    "ruleId": "jf-fully-obstructed-argala-context",
    "sourceLocator": "book-larsen-fundamentals:L1093-L1109:worked-examples",
  },
  {
    "asOfIso": "2026-08-30T00:00:00.000Z",
    "chart": {
      "birthTimeAccuracyMinutes": 5,
      "date": "2016-02-15",
      "focus": "general",
      "language": "en",
      "latitude": 17.385,
      "longitude": 78.4867,
      "methodology": "parashari",
      "name": "Fixture 2016-02-15 00:15",
      "place": "Hyderabad",
      "time": "00:15",
      "timezone": "Asia/Kolkata",
      "timezoneOffset": 5.5,
    },
    "expectedExceptionIds": [],
    "expectedMatch": false,
    "id": "jf-fully-obstructed-argala-context-counter-1",
    "kind": "counterexample",
    "ruleId": "jf-fully-obstructed-argala-context",
    "sourceLocator": "book-larsen-fundamentals:L1093-L1109:worked-examples",
  },
  {
    "asOfIso": "2026-08-30T00:00:00.000Z",
    "chart": {
      "birthTimeAccuracyMinutes": 5,
      "date": "1994-02-15",
      "focus": "general",
      "language": "en",
      "latitude": 17.385,
      "longitude": 78.4867,
      "methodology": "parashari",
      "name": "Fixture 1994-02-15 02:15",
      "place": "Hyderabad",
      "time": "02:15",
      "timezone": "Asia/Kolkata",
      "timezoneOffset": 5.5,
    },
    "expectedExceptionIds": [],
    "expectedMatch": true,
    "id": "jf-nandadi-rikta-context-worked-1",
    "kind": "worked-example",
    "ruleId": "jf-nandadi-rikta-context",
    "sourceLocator": "book-larsen-fundamentals:L984-L1043:tables-9-and-rikta",
  },
  {
    "asOfIso": "2026-08-30T00:00:00.000Z",
    "chart": {
      "birthTimeAccuracyMinutes": 5,
      "date": "2016-02-15",
      "focus": "general",
      "language": "en",
      "latitude": 17.385,
      "longitude": 78.4867,
      "methodology": "parashari",
      "name": "Fixture 2016-02-15 00:15",
      "place": "Hyderabad",
      "time": "00:15",
      "timezone": "Asia/Kolkata",
      "timezoneOffset": 5.5,
    },
    "expectedExceptionIds": [],
    "expectedMatch": false,
    "id": "jf-nandadi-rikta-context-counter-1",
    "kind": "counterexample",
    "ruleId": "jf-nandadi-rikta-context",
    "sourceLocator": "book-larsen-fundamentals:L984-L1043:tables-9-and-rikta",
  },
  {
    "asOfIso": "2026-08-30T00:00:00.000Z",
    "chart": {
      "birthTimeAccuracyMinutes": 5,
      "date": "1988-04-15",
      "focus": "general",
      "language": "en",
      "latitude": 17.385,
      "longitude": 78.4867,
      "methodology": "parashari",
      "name": "Fixture 1988-04-15 08:15",
      "place": "Hyderabad",
      "time": "08:15",
      "timezone": "Asia/Kolkata",
      "timezoneOffset": 5.5,
    },
    "expectedExceptionIds": [],
    "expectedMatch": true,
    "id": "jf-panchanga-conflict-vara-tithi-worked-1",
    "kind": "worked-example",
    "ruleId": "jf-panchanga-conflict-vara-tithi",
    "sourceLocator": "book-larsen-fundamentals:L2671-L2708:tables-24-26",
  },
  {
    "asOfIso": "2026-08-30T00:00:00.000Z",
    "chart": {
      "birthTimeAccuracyMinutes": 5,
      "date": "2016-02-15",
      "focus": "general",
      "language": "en",
      "latitude": 17.385,
      "longitude": 78.4867,
      "methodology": "parashari",
      "name": "Fixture 2016-02-15 00:15",
      "place": "Hyderabad",
      "time": "00:15",
      "timezone": "Asia/Kolkata",
      "timezoneOffset": 5.5,
    },
    "expectedExceptionIds": [],
    "expectedMatch": false,
    "id": "jf-panchanga-conflict-vara-tithi-counter-1",
    "kind": "counterexample",
    "ruleId": "jf-panchanga-conflict-vara-tithi",
    "sourceLocator": "book-larsen-fundamentals:L2671-L2708:tables-24-26",
  },
  {
    "asOfIso": "2026-08-30T00:00:00.000Z",
    "chart": {
      "birthTimeAccuracyMinutes": 5,
      "date": "1994-02-15",
      "focus": "general",
      "language": "en",
      "latitude": 17.385,
      "longitude": 78.4867,
      "methodology": "parashari",
      "name": "Fixture 1994-02-15 02:15",
      "place": "Hyderabad",
      "time": "02:15",
      "timezone": "Asia/Kolkata",
      "timezoneOffset": 5.5,
    },
    "expectedExceptionIds": [],
    "expectedMatch": true,
    "id": "jf-panchanga-conflict-tithi-nakshatra-worked-1",
    "kind": "worked-example",
    "ruleId": "jf-panchanga-conflict-tithi-nakshatra",
    "sourceLocator": "book-larsen-fundamentals:L2671-L2708:tables-24-26",
  },
  {
    "asOfIso": "2026-08-30T00:00:00.000Z",
    "chart": {
      "birthTimeAccuracyMinutes": 5,
      "date": "2016-02-15",
      "focus": "general",
      "language": "en",
      "latitude": 17.385,
      "longitude": 78.4867,
      "methodology": "parashari",
      "name": "Fixture 2016-02-15 00:15",
      "place": "Hyderabad",
      "time": "00:15",
      "timezone": "Asia/Kolkata",
      "timezoneOffset": 5.5,
    },
    "expectedExceptionIds": [],
    "expectedMatch": false,
    "id": "jf-panchanga-conflict-tithi-nakshatra-counter-1",
    "kind": "counterexample",
    "ruleId": "jf-panchanga-conflict-tithi-nakshatra",
    "sourceLocator": "book-larsen-fundamentals:L2671-L2708:tables-24-26",
  },
  {
    "asOfIso": "2026-08-30T00:00:00.000Z",
    "chart": {
      "birthTimeAccuracyMinutes": 5,
      "date": "2016-02-15",
      "focus": "general",
      "language": "en",
      "latitude": 17.385,
      "longitude": 78.4867,
      "methodology": "parashari",
      "name": "Fixture 2016-02-15 00:15",
      "place": "Hyderabad",
      "time": "00:15",
      "timezone": "Asia/Kolkata",
      "timezoneOffset": 5.5,
    },
    "expectedExceptionIds": [],
    "expectedMatch": true,
    "id": "jf-panchanga-conflict-nakshatra-karana-worked-1",
    "kind": "worked-example",
    "ruleId": "jf-panchanga-conflict-nakshatra-karana",
    "sourceLocator": "book-larsen-fundamentals:L2671-L2708:tables-24-26",
  },
  {
    "asOfIso": "2026-08-30T00:00:00.000Z",
    "chart": {
      "birthTimeAccuracyMinutes": 5,
      "date": "1994-02-15",
      "focus": "general",
      "language": "en",
      "latitude": 17.385,
      "longitude": 78.4867,
      "methodology": "parashari",
      "name": "Fixture 1994-02-15 02:15",
      "place": "Hyderabad",
      "time": "02:15",
      "timezone": "Asia/Kolkata",
      "timezoneOffset": 5.5,
    },
    "expectedExceptionIds": [],
    "expectedMatch": false,
    "id": "jf-panchanga-conflict-nakshatra-karana-counter-1",
    "kind": "counterexample",
    "ruleId": "jf-panchanga-conflict-nakshatra-karana",
    "sourceLocator": "book-larsen-fundamentals:L2671-L2708:tables-24-26",
  },
  {
    "asOfIso": "2026-08-30T00:00:00.000Z",
    "chart": {
      "birthTimeAccuracyMinutes": 5,
      "date": "1980-01-04",
      "focus": "general",
      "language": "en",
      "latitude": 17.385,
      "longitude": 78.4867,
      "methodology": "parashari",
      "name": "Fixture 1980-01-04 18:15",
      "place": "Hyderabad",
      "time": "18:15",
      "timezone": "Asia/Kolkata",
      "timezoneOffset": 5.5,
    },
    "expectedExceptionIds": [],
    "expectedMatch": true,
    "id": "jf-panchanga-conflict-karana-vara-worked-1",
    "kind": "worked-example",
    "ruleId": "jf-panchanga-conflict-karana-vara",
    "sourceLocator": "book-larsen-fundamentals:L2671-L2708:tables-24-26",
  },
  {
    "asOfIso": "2026-08-30T00:00:00.000Z",
    "chart": {
      "birthTimeAccuracyMinutes": 5,
      "date": "2016-02-15",
      "focus": "general",
      "language": "en",
      "latitude": 17.385,
      "longitude": 78.4867,
      "methodology": "parashari",
      "name": "Fixture 2016-02-15 00:15",
      "place": "Hyderabad",
      "time": "00:15",
      "timezone": "Asia/Kolkata",
      "timezoneOffset": 5.5,
    },
    "expectedExceptionIds": [],
    "expectedMatch": false,
    "id": "jf-panchanga-conflict-karana-vara-counter-1",
    "kind": "counterexample",
    "ruleId": "jf-panchanga-conflict-karana-vara",
    "sourceLocator": "book-larsen-fundamentals:L2671-L2708:tables-24-26",
  },
  {
    "asOfIso": "2026-08-30T00:00:00.000Z",
    "chart": {
      "birthTimeAccuracyMinutes": 5,
      "date": "1980-01-10",
      "focus": "general",
      "language": "en",
      "latitude": 17.385,
      "longitude": 78.4867,
      "methodology": "parashari",
      "name": "Fixture 1980-01-10 06:15",
      "place": "Hyderabad",
      "time": "06:15",
      "timezone": "Asia/Kolkata",
      "timezoneOffset": 5.5,
    },
    "expectedExceptionIds": [],
    "expectedMatch": true,
    "id": "jf-panchanga-akasha-resolution-context-worked-1",
    "kind": "worked-example",
    "ruleId": "jf-panchanga-akasha-resolution-context",
    "sourceLocator": "book-larsen-fundamentals:L2671-L2708:tables-24-26",
  },
  {
    "asOfIso": "2026-08-30T00:00:00.000Z",
    "chart": {
      "birthTimeAccuracyMinutes": 5,
      "date": "2016-02-15",
      "focus": "general",
      "language": "en",
      "latitude": 17.385,
      "longitude": 78.4867,
      "methodology": "parashari",
      "name": "Fixture 2016-02-15 00:15",
      "place": "Hyderabad",
      "time": "00:15",
      "timezone": "Asia/Kolkata",
      "timezoneOffset": 5.5,
    },
    "expectedExceptionIds": [],
    "expectedMatch": false,
    "id": "jf-panchanga-akasha-resolution-context-counter-1",
    "kind": "counterexample",
    "ruleId": "jf-panchanga-akasha-resolution-context",
    "sourceLocator": "book-larsen-fundamentals:L2671-L2708:tables-24-26",
  },
]
`;
